###############################################################################
#
# IAR ELF Linker V7.40.3.8902/W32 for ARM                 27/Jul/2016  15:24:23
# Copyright 2007-2015 IAR Systems AB.
#
#    Output file  =  
#        D:\Study\2016电子设计大赛\Ti\电赛备用底层
#        -只调LDC\Prj\IAR\DZ10_Debug\Exe\vcan_Kinetis.out
#    Map file     =  
#        D:\Study\2016电子设计大赛\Ti\电赛备用底层
#        -只调LDC\Prj\IAR\DZ10_Debug\List\vcan_Kinetis.map
#    Command line =  
#        "D:\Study\2016电子设计大赛\Ti\电赛备用底层
#        -只调LDC\Prj\IAR\DZ10_Debug\Obj\diskio.o"
#        "D:\Study\2016电子设计大赛\Ti\电赛备用底层
#        -只调LDC\Prj\IAR\DZ10_Debug\Obj\ff.o"
#        "D:\Study\2016电子设计大赛\Ti\电赛备用底层
#        -只调LDC\Prj\IAR\DZ10_Debug\Obj\flashload.o"
#        "D:\Study\2016电子设计大赛\Ti\电赛备用底层
#        -只调LDC\Prj\IAR\DZ10_Debug\Obj\LDC1314.o"
#        "D:\Study\2016电子设计大赛\Ti\电赛备用底层
#        -只调LDC\Prj\IAR\DZ10_Debug\Obj\main.o"
#        "D:\Study\2016电子设计大赛\Ti\电赛备用底层
#        -只调LDC\Prj\IAR\DZ10_Debug\Obj\misc.o"
#        "D:\Study\2016电子设计大赛\Ti\电赛备用底层
#        -只调LDC\Prj\IAR\DZ10_Debug\Obj\MK60_adc.o"
#        "D:\Study\2016电子设计大赛\Ti\电赛备用底层
#        -只调LDC\Prj\IAR\DZ10_Debug\Obj\MK60_can.o"
#        "D:\Study\2016电子设计大赛\Ti\电赛备用底层
#        -只调LDC\Prj\IAR\DZ10_Debug\Obj\MK60_conf.o"
#        "D:\Study\2016电子设计大赛\Ti\电赛备用底层
#        -只调LDC\Prj\IAR\DZ10_Debug\Obj\MK60_dac.o"
#        "D:\Study\2016电子设计大赛\Ti\电赛备用底层
#        -只调LDC\Prj\IAR\DZ10_Debug\Obj\MK60_dma.o"
#        "D:\Study\2016电子设计大赛\Ti\电赛备用底层
#        -只调LDC\Prj\IAR\DZ10_Debug\Obj\MK60_DWT.o"
#        "D:\Study\2016电子设计大赛\Ti\电赛备用底层
#        -只调LDC\Prj\IAR\DZ10_Debug\Obj\MK60_flash.o"
#        "D:\Study\2016电子设计大赛\Ti\电赛备用底层
#        -只调LDC\Prj\IAR\DZ10_Debug\Obj\MK60_flexbus.o"
#        "D:\Study\2016电子设计大赛\Ti\电赛备用底层
#        -只调LDC\Prj\IAR\DZ10_Debug\Obj\MK60_ftm.o"
#        "D:\Study\2016电子设计大赛\Ti\电赛备用底层
#        -只调LDC\Prj\IAR\DZ10_Debug\Obj\MK60_gpio.o"
#        "D:\Study\2016电子设计大赛\Ti\电赛备用底层
#        -只调LDC\Prj\IAR\DZ10_Debug\Obj\MK60_i2c.o"
#        "D:\Study\2016电子设计大赛\Ti\电赛备用底层
#        -只调LDC\Prj\IAR\DZ10_Debug\Obj\MK60_it.o"
#        "D:\Study\2016电子设计大赛\Ti\电赛备用底层
#        -只调LDC\Prj\IAR\DZ10_Debug\Obj\MK60_lptmr.o"
#        "D:\Study\2016电子设计大赛\Ti\电赛备用底层
#        -只调LDC\Prj\IAR\DZ10_Debug\Obj\MK60_mcg.o"
#        "D:\Study\2016电子设计大赛\Ti\电赛备用底层
#        -只调LDC\Prj\IAR\DZ10_Debug\Obj\MK60_PIT.o"
#        "D:\Study\2016电子设计大赛\Ti\电赛备用底层
#        -只调LDC\Prj\IAR\DZ10_Debug\Obj\MK60_port.o"
#        "D:\Study\2016电子设计大赛\Ti\电赛备用底层
#        -只调LDC\Prj\IAR\DZ10_Debug\Obj\MK60_rtc.o"
#        "D:\Study\2016电子设计大赛\Ti\电赛备用底层
#        -只调LDC\Prj\IAR\DZ10_Debug\Obj\MK60_sdhc.o"
#        "D:\Study\2016电子设计大赛\Ti\电赛备用底层
#        -只调LDC\Prj\IAR\DZ10_Debug\Obj\MK60_spi.o"
#        "D:\Study\2016电子设计大赛\Ti\电赛备用底层
#        -只调LDC\Prj\IAR\DZ10_Debug\Obj\MK60_SysTick.o"
#        "D:\Study\2016电子设计大赛\Ti\电赛备用底层
#        -只调LDC\Prj\IAR\DZ10_Debug\Obj\MK60_uart.o"
#        "D:\Study\2016电子设计大赛\Ti\电赛备用底层
#        -只调LDC\Prj\IAR\DZ10_Debug\Obj\MK60_usb.o"
#        "D:\Study\2016电子设计大赛\Ti\电赛备用底层
#        -只调LDC\Prj\IAR\DZ10_Debug\Obj\MK60_wdog.o"
#        "D:\Study\2016电子设计大赛\Ti\电赛备用底层
#        -只调LDC\Prj\IAR\DZ10_Debug\Obj\SOFTWARE_I2C.o"
#        "D:\Study\2016电子设计大赛\Ti\电赛备用底层
#        -只调LDC\Prj\IAR\DZ10_Debug\Obj\startup_MK60DZ10.o"
#        "D:\Study\2016电子设计大赛\Ti\电赛备用底层
#        -只调LDC\Prj\IAR\DZ10_Debug\Obj\system_MK60DZ10.o"
#        "D:\Study\2016电子设计大赛\Ti\电赛备用底层
#        -只调LDC\Prj\IAR\DZ10_Debug\Obj\USB.o"
#        "D:\Study\2016电子设计大赛\Ti\电赛备用底层
#        -只调LDC\Prj\IAR\DZ10_Debug\Obj\USB_CDC.o"
#        "D:\Study\2016电子设计大赛\Ti\电赛备用底层
#        -只调LDC\Prj\IAR\DZ10_Debug\Obj\VCAN_ASCII.o"
#        "D:\Study\2016电子设计大赛\Ti\电赛备用底层
#        -只调LDC\Prj\IAR\DZ10_Debug\Obj\VCAN_computer.o"
#        "D:\Study\2016电子设计大赛\Ti\电赛备用底层
#        -只调LDC\Prj\IAR\DZ10_Debug\Obj\VCAN_IO_I2C.o"
#        "D:\Study\2016电子设计大赛\Ti\电赛备用底层
#        -只调LDC\Prj\IAR\DZ10_Debug\Obj\VCAN_key.o"
#        "D:\Study\2016电子设计大赛\Ti\电赛备用底层
#        -只调LDC\Prj\IAR\DZ10_Debug\Obj\VCAN_key_event.o"
#        "D:\Study\2016电子设计大赛\Ti\电赛备用底层
#        -只调LDC\Prj\IAR\DZ10_Debug\Obj\VCAN_LED.o"
#        "D:\Study\2016电子设计大赛\Ti\电赛备用底层
#        -只调LDC\Prj\IAR\DZ10_Debug\Obj\VCAN_MPU6050.o"
#        "D:\Study\2016电子设计大赛\Ti\电赛备用底层
#        -只调LDC\Prj\IAR\DZ10_Debug\Obj\VCAN_MPU6050_IMU.o"
#        "D:\Study\2016电子设计大赛\Ti\电赛备用底层
#        -只调LDC\Prj\IAR\DZ10_Debug\Obj\VCAN_NRF24L0.o"
#        "D:\Study\2016电子设计大赛\Ti\电赛备用底层
#        -只调LDC\Prj\IAR\DZ10_Debug\Obj\VCAN_NRF24L0_MSG.o"
#        "D:\Study\2016电子设计大赛\Ti\电赛备用底层
#        -只调LDC\Prj\IAR\DZ10_Debug\Obj\VCAN_OLED.o"
#        "D:\Study\2016电子设计大赛\Ti\电赛备用底层
#        -只调LDC\Prj\IAR\DZ10_Debug\Obj\VCAN_RTC_count.o"
#        "D:\Study\2016电子设计大赛\Ti\电赛备用底层
#        -只调LDC\Prj\IAR\DZ10_Debug\Obj\vectors.o" --redirect
#        _Printf=_PrintfFull --redirect _Scanf=_ScanfFull -o
#        "D:\Study\2016电子设计大赛\Ti\电赛备用底层
#        -只调LDC\Prj\IAR\DZ10_Debug\Exe\vcan_Kinetis.out" --map
#        "D:\Study\2016电子设计大赛\Ti\电赛备用底层
#        -只调LDC\Prj\IAR\DZ10_Debug\List\vcan_Kinetis.map" --config
#        "D:\Study\2016电子设计大赛\Ti\电赛备用底层 -只调LDC\Prj\IAR\config
#        files\vcan_ROM_K60N512.icf" "D:\Study\2016电子设计大赛\Ti\电赛备用底层
#        -只调LDC\Prj\IAR\..\..\Lib\CMSIS\iar_cortexM4l_math.a" --entry
#        __iar_program_start --vfe
#
###############################################################################

*******************************************************************************
*** RUNTIME MODEL ATTRIBUTES
***

CppFlavor                     = *
__Heap_Handler                = Basic
__SystemLibrary               = DLib
__dlib_dynamic_initialization = normal


*******************************************************************************
*** PLACEMENT SUMMARY
***

"A1":  place at 0x00000000 { ro section .intvec };
"A2":  place at 0x00000410 { ro section .noinit };
"P1":  place in [from 0x00000000 to 0x00080000] { ro, block CodeRelocate };
"P2":  place in [from 0x1fff0410 to 0x20010000] {
          rw, block CodeRelocateRam, block CSTACK, block HEAP };

  Section              Kind        Address    Size  Object
  -------              ----        -------    ----  ------
"A1":                                        0x410
  .intvec              const    0x00000000   0x410  vectors.o [1]
                              - 0x00000410   0x410

"A2":                                          0x8
  .noinit              ro code  0x00000410     0x8  startup_MK60DZ10.o [1]
                              - 0x00000418     0x8

"P1":                                       0x4138
  .text                ro code  0x00000418  0x1156  xprintffull.o [3]
  .text                ro code  0x0000156e    0x20  xmbtowc.o [3]
  .text                ro code  0x0000158e     0xa  xsprout.o [3]
  .text                ro code  0x00001598    0x16  strchr.o [5]
  .text                ro code  0x000015b0    0x36  strlen.o [5]
  .text                ro code  0x000015e8    0x58  memchr.o [5]
  .text                ro code  0x00001640     0xa  xmbcurmax.o [3]
  .text                ro code  0x0000164c    0xb0  xxmemxmalloc.o [3]
  .text                ro code  0x000016fc    0x1a  xwctomb.o [3]
  .text                ro code  0x00001718    0x76  ABImemcpy_unaligned.o [5]
  .text                ro code  0x00001790    0x80  xxmemxfree.o [3]
  .text                ro code  0x00001810    0xee  I64DivMod.o [5]
  .text                ro code  0x000018fe    0x42  xdnorm.o [4]
  .text                ro code  0x00001940    0x2e  DblCmpLe.o [4]
  .text                ro code  0x00001970    0x2e  DblCmpGe.o [4]
  .text                ro code  0x000019a0   0x110  xdscale.o [4]
  .text                ro code  0x00001ab0    0x58  DblToI32.o [4]
  .text                ro code  0x00001b08    0x30  I32ToDbl.o [4]
  .text                ro code  0x00001b38   0x180  DblSub.o [4]
  .text                ro code  0x00001cb8   0x1a2  DblMul.o [4]
  .text                ro code  0x00001e5c   0x256  DblDiv.o [4]
  .text                ro code  0x000020b4    0x6c  localeconv.o [3]
  .text                ro code  0x00002120     0xe  div.o [3]
  .text                ro code  0x00002130    0x14  setlocale.o [3]
  .text                ro code  0x00002144    0x60  xencoding_sb.o [3]
  .text                ro code  0x000021a4    0x2c  xgetmemchunk.o [3]
  .text                ro code  0x000021d0     0x2  I64DivZer.o [5]
  .text                ro code  0x000021d4    0xd4  DblAdd.o [4]
  .text                ro code  0x000022a8     0x2  xtls.o [3]
  .data_init                    0x000022ac   0x7e4  <Block>
    Initializer bytes  const    0x000022ac   0x7e4  <for .data-1>
  .text                ro code  0x00002a90   0x3d8  MK60_ftm.o [1]
  .text                ro code  0x00002e68    0xb0  MK60_port.o [1]
  .text                ro code  0x00002f18    0x7c  MK60_conf.o [1]
  .text                ro code  0x00002f94    0x70  VCAN_LED.o [1]
  .text                ro code  0x00003004    0x24  printf.o [3]
  .text                ro code  0x00003028    0x64  MK60_SysTick.o [1]
  .text                ro code  0x0000308c    0x20  MK60_uart.o [1]
  .text                ro code  0x000030ac   0x1a4  MK60_gpio.o [1]
  Veneer               ro code  0x00003250     0x8  - Linker created -
  .text                ro code  0x00003258   0x3bc  MK60_mcg.o [1]
  .text                ro code  0x00003614   0x290  VCAN_OLED.o [1]
  .rodata              const    0x000038a4   0x228  VCAN_OLED.o [1]
  .text                ro code  0x00003acc   0x21e  SOFTWARE_I2C.o [1]
  .text                ro code  0x00003cec   0x120  main.o [1]
  .text                ro code  0x00003e0c    0xfe  LDC1314.o [1]
  .text                ro code  0x00003f0c    0xaa  VCAN_key.o [1]
  .text                ro code  0x00003fb8    0x34  sprintf.o [3]
  .text                ro code  0x00003fec   0x120  system_MK60DZ10.o [1]
  .text                ro code  0x0000410c    0x40  MK60_wdog.o [1]
  .text                ro code  0x0000414c    0x2c  misc.o [1]
  CodeRelocate                  0x00004178    0x50  <Block>
    Initializer bytes  const    0x00004178    0x50  <for CodeRelocateRam-1>
  .rodata              const    0x000041c8    0x44  MK60_SysTick.o [1]
  .rodata              const    0x0000420c    0x40  MK60_ftm.o [1]
  .rodata              const    0x0000424c    0x40  MK60_gpio.o [1]
  .text                ro code  0x0000428c    0x40  zero_init3.o [5]
  .rodata              const    0x000042cc    0x3c  misc.o [1]
  .rodata              const    0x00004308    0x3c  MK60_conf.o [1]
  .text                ro code  0x00004344    0x28  data_init.o [5]
  .rodata              const    0x0000436c    0x24  MK60_conf.o [1]
  .iar.init_table      const    0x00004390    0x10  - Linker created -
  .text                ro code  0x000043a0    0x1a  cmain.o [5]
  .text                ro code  0x000043ba     0x4  low_level_init.o [3]
  .text                ro code  0x000043be     0x4  exit.o [3]
  .text                ro code  0x000043c4     0xa  cexit.o [5]
  .text                ro code  0x000043d0     0xc  XXexit.o [5]
  .text                ro code  0x000043dc    0x16  xprout.o [3]
  .text                ro code  0x000043f4     0xc  putchar.o [3]
  .rodata              const    0x00004400     0xc  main.o [1]
  .rodata              const    0x0000440c     0xc  main.o [1]
  .rodata              const    0x00004418     0xc  main.o [1]
  .rodata              const    0x00004424     0xc  main.o [1]
  .rodata              const    0x00004430     0xc  main.o [1]
  .rodata              const    0x0000443c     0xc  main.o [1]
  .text                ro code  0x00004448     0xc  cstartup_M.o [5]
  .rodata              const    0x00004454     0x0  zero_init3.o [5]
  Initializer bytes    const    0x00004454    0xfc  <for P2 s0>
                              - 0x00004550  0x4138

"P2":                                       0x1204
  .data                         0x1fff0410   0x7e4  <Block>
    .data-1                     0x1fff0410   0x7e4  <Init block>
      .data            inited   0x1fff0410   0x708  MK60_conf.o [1]
      .data            inited   0x1fff0b18     0xc  MK60_ftm.o [1]
      .data            inited   0x1fff0b24    0x14  MK60_gpio.o [1]
      .data            inited   0x1fff0b38    0x44  MK60_mcg.o [1]
      .data            inited   0x1fff0b7c     0x4  MK60_mcg.o [1]
      .data            inited   0x1fff0b80    0x14  MK60_port.o [1]
      .data            inited   0x1fff0b94    0x18  MK60_uart.o [1]
      .data            inited   0x1fff0bac     0x8  VCAN_LED.o [1]
      .data            inited   0x1fff0bb4    0x40  xfiles.o [3]
  CodeRelocateRam               0x1fff0bf4    0x50  <Block>
    CodeRelocateRam-1           0x1fff0bf4    0x50  <Init block>
      .textrw          inited   0x1fff0bf4    0x50  MK60_mcg.o [1]
  .bss                          0x1fff0c44    0xd0  <Block>
    .bss               zero     0x1fff0c44     0x8  main.o [1]
    .bss               zero     0x1fff0c4c     0xc  MK60_ftm.o [1]
    .bss               zero     0x1fff0c58     0x4  MK60_ftm.o [1]
    .bss               zero     0x1fff0c5c     0x4  system_MK60DZ10.o [1]
    .bss               zero     0x1fff0c60     0x4  system_MK60DZ10.o [1]
    .bss               zero     0x1fff0c64     0x4  system_MK60DZ10.o [1]
    .bss               zero     0x1fff0c68    0x50  VCAN_OLED.o [1]
    .bss               zero     0x1fff0cb8     0x8  xxmemxmalloc.o [3]
    .bss               zero     0x1fff0cc0     0x4  xgetmemchunk.o [3]
    .bss               zero     0x1fff0cc4    0x50  xfiles.o [3]
  HEAP                          0x1fff0d18   0x800  <Block>
    HEAP               uninit   0x1fff0d18   0x800  <Block tail>
  P2 s0                         0x1fff1518    0xfc  <Init block>
    __DLIB_PERTHREAD   inited   0x1fff1518    0x88  localeconv.o [3]
    __DLIB_PERTHREAD   inited   0x1fff15a0    0x74  setlocale.o [3]
                              - 0x1fff1614  0x1204


*******************************************************************************
*** INIT TABLE
***

          Address     Size
          -------     ----
Zero (__iar_zero_init3)
    1 destination range, total size 0xd0:
          0x1fff0c44  0xd0



*******************************************************************************
*** MODULE SUMMARY
***

    Module                 ro code  rw code  ro data  rw data
    ------                 -------  -------  -------  -------
D:\Study\2016电子设计大赛\Ti\电赛备用底层 -只调LDC\Prj\IAR\DZ10_Debug\Obj: [1]
    LDC1314.o                  254
    MK60_SysTick.o             100                68
    MK60_conf.o                124             1 896    1 800
    MK60_ftm.o                 984                76       28
    MK60_gpio.o                420                84       20
    MK60_mcg.o                 956       80      152       72
    MK60_port.o                176                20       20
    MK60_uart.o                 32                24       24
    MK60_wdog.o                 64
    SOFTWARE_I2C.o             542
    VCAN_LED.o                 112                 8        8
    VCAN_OLED.o                656               552       80
    VCAN_key.o                 170
    main.o                     288                72        8
    misc.o                      44                60
    startup_MK60DZ10.o           8
    system_MK60DZ10.o          288                         12
    vectors.o                                  1 040
    ---------------------------------------------------------
    Total:                   5 218       80    4 052    2 072

command line: [2]
    ---------------------------------------------------------
    Total:

dl7M_tlf.a: [3]
    div.o                       14
    exit.o                       4
    localeconv.o               108               136      136
    low_level_init.o             4
    printf.o                    36
    putchar.o                   12
    setlocale.o                 20               116      116
    sprintf.o                   52
    xencoding_sb.o              96
    xfiles.o                                      64      144
    xgetmemchunk.o              44                          4
    xmbcurmax.o                 10
    xmbtowc.o                   32
    xprintffull.o            4 438
    xprout.o                    22
    xsprout.o                   10
    xtls.o                       2
    xwctomb.o                   26
    xxmemxfree.o               128
    xxmemxmalloc.o             176                          8
    ---------------------------------------------------------
    Total:                   5 234               316      408

m7M_tl.a: [4]
    DblAdd.o                   212
    DblCmpGe.o                  46
    DblCmpLe.o                  46
    DblDiv.o                   598
    DblMul.o                   418
    DblSub.o                   384
    DblToI32.o                  88
    I32ToDbl.o                  48
    xdnorm.o                    66
    xdscale.o                  272
    ---------------------------------------------------------
    Total:                   2 178

rt7M_tl.a: [5]
    ABImemcpy_unaligned.o      118
    I64DivMod.o                238
    I64DivZer.o                  2
    XXexit.o                    12
    cexit.o                     10
    cmain.o                     26
    cstartup_M.o                12
    data_init.o                 40
    memchr.o                    88
    strchr.o                    22
    strlen.o                    54
    zero_init3.o                64
    ---------------------------------------------------------
    Total:                     686

    Gaps                        34
    Linker created               8                16    2 048
-------------------------------------------------------------
    Grand Total:            13 358       80    4 384    4 528


*******************************************************************************
*** ENTRY LIST
***

Entry                      Address   Size  Type      Object
-----                      -------   ----  ----      ------
.bss$$Base              0x1fff0c44          --   Gb  - Linker created -
.bss$$Limit             0x1fff0d14          --   Gb  - Linker created -
.data$$Base             0x1fff0410          --   Gb  - Linker created -
.data$$Limit            0x1fff0bf4          --   Gb  - Linker created -
.data_init$$Base        0x000022ac          --   Gb  - Linker created -
.data_init$$Limit       0x00002a90          --   Gb  - Linker created -
.iar.init_table$$Base   0x00004390          --   Gb  - Linker created -
.iar.init_table$$Limit  0x000043a0          --   Gb  - Linker created -
?main                   0x000043a1         Code  Gb  cmain.o [5]
ASSERT_FAILED_STR       0x0000436c   0x24  Data  Gb  MK60_conf.o [1]
CACK_flag               0x00003b6d   0x7e  Code  Gb  SOFTWARE_I2C.o [1]
CodeRelocate$$Base      0x00004178          --   Gb  - Linker created -
CodeRelocate$$Limit     0x000041c8          --   Gb  - Linker created -
CodeRelocateRam$$Base   0x1fff0bf4          --   Gb  - Linker created -
CodeRelocateRam$$Limit  0x1fff0c44          --   Gb  - Linker created -
Common_Key              0x00003f0d   0x4c  Code  Gb  VCAN_key.o [1]
F6x8                    0x000038a4  0x228  Data  Gb  VCAN_OLED.o [1]
FTMN                    0x1fff0b18    0xc  Data  Gb  MK60_ftm.o [1]
FTM_port_mux            0x00002a91  0x118  Code  Lc  MK60_ftm.o [1]
FiveDir_Key_Init        0x00003f59   0x5e  Code  Gb  VCAN_key.o [1]
GPIOX                   0x1fff0b24   0x14  Data  Gb  MK60_gpio.o [1]
HEAP$$Base              0x1fff0d18          --   Gb  - Linker created -
HEAP$$Limit             0x1fff1518          --   Gb  - Linker created -
IIC_LDC_SendByte        0x00003beb   0x88  Code  Gb  SOFTWARE_I2C.o [1]
IIC_LDC_Start           0x00003acd   0x50  Code  Gb  SOFTWARE_I2C.o [1]
IIC_LDC_Stop            0x00003b1d   0x50  Code  Gb  SOFTWARE_I2C.o [1]
IIC_LDC_write_byte      0x00003c79   0x72  Code  Gb  SOFTWARE_I2C.o [1]
LCD_Fill                0x000036e3   0x40  Code  Gb  VCAN_OLED.o [1]
LCD_Init                0x00003723  0x100  Code  Gb  VCAN_OLED.o [1]
LCD_P6x8Str             0x00003823   0x7c  Code  Gb  VCAN_OLED.o [1]
LCD_Set_Pos             0x000036b5   0x2e  Code  Gb  VCAN_OLED.o [1]
LCD_WrCmd               0x00003665   0x50  Code  Gb  VCAN_OLED.o [1]
LCD_WrDat               0x00003615   0x50  Code  Gb  VCAN_OLED.o [1]
LDC1314_Init            0x00003e0d   0xfe  Code  Gb  LDC1314.o [1]
LDC_Read                0x1fff0c44    0x8  Data  Gb  main.o [1]
LED_PTxn                0x1fff0bac    0x8  Data  Gb  VCAN_LED.o [1]
LoadInt                 0x00000a4d   0x6e  Code  Lc  xprintffull.o [3]
NVIC_EnableIRQ          0x00003ced   0x14  Code  Lc  main.o [1]
PORTX                   0x1fff0b80   0x14  Data  Gb  MK60_port.o [1]
Region$$Table$$Base     0x00004390          --   Gb  - Linker created -
Region$$Table$$Limit    0x000043a0          --   Gb  - Linker created -
Reset_Handler           0x00000411         Code  Gb  startup_MK60DZ10.o [1]
UARTN                   0x1fff0b94   0x18  Data  Gb  MK60_uart.o [1]
_EncodingSb_Mbtowc      0x0000215f   0x30  Code  Gb  xencoding_sb.o [3]
_EncodingSb_Wctomb      0x00002145   0x1a  Code  Gb  xencoding_sb.o [3]
_GenldFull              0x000012d7  0x24e  Code  Lc  xprintffull.o [3]
_IsdstStr               0x1fff15a4    0x4  Data  Gb  setlocale.o [3]
_LdtobFull              0x00000ed5  0x3fc  Code  Lc  xprintffull.o [3]
_LitobFull              0x00000dcd  0x106  Code  Lc  xprintffull.o [3]
_LocaleEncoding         0x00002131    0xe  Code  Gb  setlocale.o [3]
_LocaleReturnString     0x1fff15c4   0x50  Data  Lc  setlocale.o [3]
_Locale_Profile         0x1fff15a8   0x1c  Data  Gb  setlocale.o [3]
_Locale_aeabi_lconv     0x1fff1568   0x38  Data  Gb  localeconv.o [3]
_Locale_lconv           0x1fff1518   0x50  Data  Gb  localeconv.o [3]
_Mbtowc                 0x0000156f   0x20  Code  Gb  xmbtowc.o [3]
_PrintfFull             0x00000419  0x61e  Code  Gb  xprintffull.o [3]
_Prout                  0x000043dd   0x16  Code  Gb  xprout.o [3]
_PutcharsFull           0x00001525   0x2e  Code  Lc  xprintffull.o [3]
_PutstrFull             0x00000abb  0x30c  Code  Lc  xprintffull.o [3]
_SProut                 0x0000158f    0xa  Code  Gb  xsprout.o [3]
_TzoneStr               0x1fff15a0    0x4  Data  Gb  setlocale.o [3]
_Wctomb                 0x000016fd   0x1a  Code  Gb  xwctomb.o [3]
__BOOT_STACK_ADDRESS {Abs}
                        0x2000fff8          --   Gb  command line/config [2]
__VECTOR_RAM {Abs}      0x1fff0000          --   Gb  command line/config [2]
__VECTOR_TABLE {Abs}    0x00000000          --   Gb  command line/config [2]
__aeabi_cdcmple         0x00001941         Code  Gb  DblCmpLe.o [4]
__aeabi_cdrcmple        0x00001971         Code  Gb  DblCmpGe.o [4]
__aeabi_d2iz            0x00001ab1         Code  Gb  DblToI32.o [4]
__aeabi_d2uiz           0x00001add         Code  Gb  DblToI32.o [4]
__aeabi_ddiv            0x00001e5d         Code  Gb  DblDiv.o [4]
__aeabi_dmul            0x00001cb9         Code  Gb  DblMul.o [4]
__aeabi_dsub            0x00001b39         Code  Gb  DblSub.o [4]
__aeabi_i2d             0x00001b09         Code  Gb  I32ToDbl.o [4]
__aeabi_ldiv0           0x000021d1         Code  Gb  I64DivZer.o [5]
__aeabi_ui2d            0x00001b1d         Code  Gb  I32ToDbl.o [4]
__aeabi_uldivmod        0x00001811         Code  Gb  I64DivMod.o [5]
__cmain                 0x000043a1         Code  Gb  cmain.o [5]
__code_start__ {Abs}    0x00000410          --   Gb  command line/config [2]
__data_Aldata           0x1fff0cb8    0x8  Data  Gb  xxmemxmalloc.o [3]
__data_GetMemChunk      0x000021a5   0x2c  Code  Gb  xgetmemchunk.o [3]
__exit                  0x000043d1         Code  Gb  XXexit.o [5]
__iar_Dnorm             0x000018ff   0x42  Code  Gb  xdnorm.o [4]
__iar_Dscale            0x000019a1  0x110  Code  Gb  xdscale.o [4]
__iar_Locale_lconv_init
                        0x000020b5   0x3a  Code  Gb  localeconv.o [3]
__iar_Mbcurmax          0x00001641    0xa  Code  Gb  xmbcurmax.o [3]
__iar_Memchr            0x000015e9         Code  Gb  memchr.o [5]
__iar_Stdout            0x1fff0bb4   0x40  Data  Gb  xfiles.o [3]
__iar_Strchr            0x00001599         Code  Gb  strchr.o [5]
__iar_d2uiz             0x00001ae9         Code  Gb  DblToI32.o [4]
__iar_dadd              0x000021d5         Code  Gb  DblAdd.o [4]
__iar_data_init3        0x00004345   0x28  Code  Gb  data_init.o [5]
__iar_dlib_perthread_access
                        0x000022a9    0x2  Code  Gb  xtls.o [3]
__iar_dsub              0x00001b4d         Code  Gb  DblSub.o [4]
__iar_dsubStart         0x00001b5f         Code  Gb  DblSub.o [4]
__iar_program_start     0x00004449         Code  Gb  cstartup_M.o [5]
__iar_ui2d              0x00001b21         Code  Gb  I32ToDbl.o [4]
__iar_unaligned___aeabi_memcpy
                        0x00001719         Code  Gb  ABImemcpy_unaligned.o [5]
__iar_unaligned___aeabi_memcpy4
                        0x00001739         Code  Gb  ABImemcpy_unaligned.o [5]
__iar_unaligned___aeabi_memcpy8
                        0x00001739         Code  Gb  ABImemcpy_unaligned.o [5]
__iar_zero_init3        0x0000428d   0x40  Code  Gb  zero_init3.o [5]
__low_level_init        0x000043bb    0x4  Code  Gb  low_level_init.o [3]
__vector_table          0x00000000  0x410  Data  Gb  vectors.o [1]
_call_main              0x000043ad         Code  Gb  cmain.o [5]
_exit                   0x000043c5         Code  Gb  cexit.o [5]
_main                   0x000043b7         Code  Gb  cmain.o [5]
assert_failed           0x00002f19   0x26  Code  Gb  MK60_conf.o [1]
bus_clk_khz             0x1fff0c64    0x4  Data  Gb  system_MK60DZ10.o [1]
common_startup          0x0000403d   0x98  Code  Gb  system_MK60DZ10.o [1]
core_clk_khz            0x1fff0c5c    0x4  Data  Gb  system_MK60DZ10.o [1]
core_clk_mhz            0x1fff0c60    0x4  Data  Gb  system_MK60DZ10.o [1]
default_isr             0x00002f53   0x30  Code  Gb  MK60_conf.o [1]
div                     0x00002121    0xe  Code  Gb  div.o [3]
exit                    0x000043bf    0x4  Code  Gb  exit.o [3]
fputc                   0x00002f3f   0x14  Code  Gb  MK60_conf.o [1]
free                    0x00001791   0x7a  Code  Gb  xxmemxfree.o [3]
ftm_mod                 0x1fff0c4c    0xc  Data  Lc  MK60_ftm.o [1]
ftm_pwm_init            0x00002ba9  0x19c  Code  Gb  MK60_ftm.o [1]
ftm_quad_init           0x00002d45  0x106  Code  Gb  MK60_ftm.o [1]
gpio_get                0x00003209   0x3e  Code  Gb  MK60_gpio.o [1]
gpio_init               0x000030ad   0xae  Code  Gb  MK60_gpio.o [1]
gpio_set                0x0000315b   0x74  Code  Gb  MK60_gpio.o [1]
gpio_turn               0x000031cf   0x3a  Code  Gb  MK60_gpio.o [1]
led_init                0x00002f95   0x3a  Code  Gb  VCAN_LED.o [1]
led_turn                0x00002fcf   0x32  Code  Gb  VCAN_LED.o [1]
localeconv              0x000020ef   0x16  Code  Gb  localeconv.o [3]
main                    0x00003d01   0xe4  Code  Gb  main.o [1]
malloc                  0x0000164d   0xac  Code  Gb  xxmemxmalloc.o [3]
mcg_cfg                 0x1fff0b38   0x44  Data  Gb  MK60_mcg.o [1]
mcg_div                 0x1fff0b7c    0x4  Data  Gb  MK60_mcg.o [1]
mcg_div_count           0x00003259  0x2ee  Code  Gb  MK60_mcg.o [1]
memchr                  0x000015e9         Code  Gb  memchr.o [5]
mod1                    0x1fff0c58    0x4  Data  Gb  MK60_ftm.o [1]
obuf                    0x1fff0cc4   0x50  Data  Lc  xfiles.o [3]
pll_init                0x00003547   0xb2  Code  Gb  MK60_mcg.o [1]
port_init               0x00002e69   0x44  Code  Gb  MK60_port.o [1]
port_init_NoALT         0x00002ead   0x62  Code  Gb  MK60_port.o [1]
printf                  0x00003005   0x24  Code  Gb  printf.o [3]
putchar                 0x000043f5    0xc  Code  Gb  putchar.o [3]
set_sys_dividers        0x1fff0bf5   0x50  Code  Gb  MK60_mcg.o [1]
sprintf                 0x00003fb9   0x34  Code  Gb  sprintf.o [3]
start                   0x00003fed   0x1e  Code  Gb  system_MK60DZ10.o [1]
str                     0x1fff0c68   0x50  Data  Gb  VCAN_OLED.o [1]
strchr                  0x00001599         Code  Gb  strchr.o [5]
strlen                  0x000015b1         Code  Gb  strlen.o [5]
sysinit                 0x0000400b   0x32  Code  Gb  system_MK60DZ10.o [1]
systick_delay           0x00003029   0x36  Code  Gb  MK60_SysTick.o [1]
systick_delay_ms        0x0000305f   0x18  Code  Gb  MK60_SysTick.o [1]
uart_putchar            0x0000308d   0x1a  Code  Gb  MK60_uart.o [1]
vector_str              0x1fff0410  0x708  Data  Gb  MK60_conf.o [1]
wdog_disable            0x0000410d   0x16  Code  Gb  MK60_wdog.o [1]
wdog_unlock             0x00004123   0x20  Code  Lc  MK60_wdog.o [1]
write_vtor              0x0000414d   0x22  Code  Gb  misc.o [1]


[1] = D:\Study\2016电子设计大赛\Ti\电赛备用底层 -只调LDC\Prj\IAR\DZ10_Debug\Obj
[2] = command line
[3] = dl7M_tlf.a
[4] = m7M_tl.a
[5] = rt7M_tl.a

  13 358 bytes of readonly  code memory
      80 bytes of readwrite code memory
   4 384 bytes of readonly  data memory
   4 528 bytes of readwrite data memory

Errors: none
Warnings: none
