###############################################################################
#
# IAR ANSI C/C++ Compiler V7.40.3.8902/W32 for ARM        27/Jul/2016  11:28:34
# Copyright 1999-2015 IAR Systems AB.
#
#    Cpu mode     =  thumb
#    Endian       =  little
#    Source file  =  
#        D:\Study\2016电子设计大赛\Ti\电赛备用底层\Board\src\VCAN_key_event.c
#    Command line =  
#        D:\Study\2016电子设计大赛\Ti\电赛备用底层\Board\src\VCAN_key_event.c
#        -D DEBUG -D ARM_MATH_CM4 -D MK60DZ10 -lCN
#        D:\Study\2016电子设计大赛\Ti\电赛备用底层\Prj\IAR\DZ10_Debug\List\ -lB
#        D:\Study\2016电子设计大赛\Ti\电赛备用底层\Prj\IAR\DZ10_Debug\List\ -o
#        D:\Study\2016电子设计大赛\Ti\电赛备用底层\Prj\IAR\DZ10_Debug\Obj\
#        --no_cse --no_unroll --no_inline --no_code_motion --no_tbaa
#        --no_clustering --no_scheduling --debug --endian=little
#        --cpu=Cortex-M4 -e --fpu=None --dlib_config "E:\IAR for
#        ARM\arm\INC\c\DLib_Config_Full.h" -I
#        D:\Study\2016电子设计大赛\Ti\电赛备用底层\Prj\IAR\..\..\App\ -I
#        D:\Study\2016电子设计大赛\Ti\电赛备用底层\Prj\IAR\..\..\App\Inc\ -I
#        D:\Study\2016电子设计大赛\Ti\电赛备用底层\Prj\IAR\..\..\Board\Inc\ -I
#        D:\Study\2016电子设计大赛\Ti\电赛备用底层\Prj\IAR\..\..\Chip\inc\ -I
#        D:\Study\2016电子设计大赛\Ti\电赛备用底层\Prj\IAR\..\..\Chip\inc\IAR\
#        -I
#        D:\Study\2016电子设计大赛\Ti\电赛备用底层\Prj\IAR\..\..\Chip\inc\kinetis\
#        -I
#        D:\Study\2016电子设计大赛\Ti\电赛备用底层\Prj\IAR\..\..\Lib\CMSIS\Inc\
#        -I D:\Study\2016电子设计大赛\Ti\电赛备用底层\Prj\IAR\..\..\Lib\FatFs\
#        -I D:\Study\2016电子设计大赛\Ti\电赛备用底层\Prj\IAR\..\..\Lib\USB\ -I
#        D:\Study\2016电子设计大赛\Ti\电赛备用底层\Prj\IAR\..\..\Board\Accessories\
#        -I
#        D:\Study\2016电子设计大赛\Ti\电赛备用底层\Prj\IAR\..\..\Board\Accessories\MPU6050\
#        -I
#        D:\Study\2016电子设计大赛\Ti\电赛备用底层\Prj\IAR\..\..\Board\Accessories\IMU\
#        -I
#        D:\Study\2016电子设计大赛\Ti\电赛备用底层\Prj\IAR\..\..\Board\Accessories\Driver\
#        -On
#    List file    =  
#        D:\Study\2016电子设计大赛\Ti\电赛备用底层\Prj\IAR\DZ10_Debug\List\VCAN_key_event.lst
#    Object file  =  
#        D:\Study\2016电子设计大赛\Ti\电赛备用底层\Prj\IAR\DZ10_Debug\Obj\VCAN_key_event.o
#
###############################################################################

D:\Study\2016电子设计大赛\Ti\电赛备用底层\Board\src\VCAN_key_event.c
      1          /*!
      2           *     COPYRIGHT NOTICE
      3           *     Copyright (c) 2013,山外科技
      4           *     All rights reserved.
      5           *     技术讨论：山外论坛 http://www.vcan123.com
      6           *
      7           *     除注明出处外，以下所有内容版权均属山外科技所有，未经允许，不得用于商业用途，
      8           *     修改内容时必须保留山外科技的版权声明。
      9           *
     10           * @file       VCAN_key_event.h
     11           * @brief      KEY 事件函数实现
     12           * @author     山外科技
     13           * @version    v5.0
     14           * @date       2014-01-04
     15           */
     16          
     17          #include "VCAN_key_event.h"
     18          #include "VCAN_UI_VAR.h"
     19          //#include "NRF24L0.h"
     20          //#include "NRF24L0_MSG.h"
     21          
     22          

   \                                 In section .text, align 2, keep-with-next
     23          void key_event_init()
     24          {
   \                     key_event_init: (+1)
   \   00000000   0xB580             PUSH     {R7,LR}
     25              //初始化 全部 按键
     26              key_init(KEY_MAX);
   \   00000002   0x2008             MOVS     R0,#+8
   \   00000004   0x.... 0x....      BL       key_init
     27          
     28              //初始化临时变量
     29              var_init();
   \   00000008   0x.... 0x....      BL       var_init
     30          
     31              //同步全部数据并显示
     32              var_syn(VAR_MAX);       //同步全部 ,必须先同步再显示全部，因为有可能同步失败。
   \   0000000C   0x2007             MOVS     R0,#+7
   \   0000000E   0x.... 0x....      BL       var_syn
     33              var_display(VAR_MAX);   //显示全部
   \   00000012   0x2007             MOVS     R0,#+7
   \   00000014   0x.... 0x....      BL       var_display
     34          }
   \   00000018   0xBD01             POP      {R0,PC}          ;; return
     35          

   \                                 In section .text, align 2, keep-with-next
     36          void deal_key_event()
     37          {
   \                     deal_key_event: (+1)
   \   00000000   0xB580             PUSH     {R7,LR}
     38              KEY_MSG_t keymsg;
     39          
     40              while(get_key_msg(& keymsg))     //获得按键就进行处理
   \                     ??deal_key_event_0: (+1)
   \   00000002   0xA800             ADD      R0,SP,#+0
   \   00000004   0x.... 0x....      BL       get_key_msg
   \   00000008   0x2800             CMP      R0,#+0
   \   0000000A   0xF000 0x8087      BEQ.W    ??deal_key_event_1
     41              {
     42                  if(keymsg.status == KEY_DOWN)
   \   0000000E   0xF89D 0x0001      LDRB     R0,[SP, #+1]
   \   00000012   0x2800             CMP      R0,#+0
   \   00000014   0xD13C             BNE.N    ??deal_key_event_2
     43                  {
     44                      switch(keymsg.key)
   \   00000016   0xF89D 0x0000      LDRB     R0,[SP, #+0]
   \   0000001A   0x2800             CMP      R0,#+0
   \   0000001C   0xD00B             BEQ.N    ??deal_key_event_3
   \   0000001E   0x2802             CMP      R0,#+2
   \   00000020   0xD011             BEQ.N    ??deal_key_event_4
   \   00000022   0xD30C             BCC.N    ??deal_key_event_5
   \   00000024   0x2804             CMP      R0,#+4
   \   00000026   0xD019             BEQ.N    ??deal_key_event_6
   \   00000028   0xD311             BCC.N    ??deal_key_event_7
   \   0000002A   0x2806             CMP      R0,#+6
   \   0000002C   0xD019             BEQ.N    ??deal_key_event_8
   \   0000002E   0xD312             BCC.N    ??deal_key_event_9
   \   00000030   0x2807             CMP      R0,#+7
   \   00000032   0xD021             BEQ.N    ??deal_key_event_10
   \   00000034   0xE02B             B.N      ??deal_key_event_11
     45                      {
     46                      case KEY_U:
     47                          var_value(VAR_ADD);
   \                     ??deal_key_event_3: (+1)
   \   00000036   0x2004             MOVS     R0,#+4
   \   00000038   0x.... 0x....      BL       var_value
     48                          break;
   \   0000003C   0xE7E1             B.N      ??deal_key_event_0
     49          
     50                      case KEY_D:
     51                          var_value(VAR_SUB);
   \                     ??deal_key_event_5: (+1)
   \   0000003E   0x2005             MOVS     R0,#+5
   \   00000040   0x.... 0x....      BL       var_value
     52                          break;
   \   00000044   0xE7DD             B.N      ??deal_key_event_0
     53          
     54                      case KEY_L:
     55                          var_select(VAR_PREV);
   \                     ??deal_key_event_4: (+1)
   \   00000046   0x2001             MOVS     R0,#+1
   \   00000048   0x.... 0x....      BL       var_select
     56                          break;
   \   0000004C   0xE7D9             B.N      ??deal_key_event_0
     57          
     58                      case KEY_R:
     59                          var_select(VAR_NEXT);
   \                     ??deal_key_event_7: (+1)
   \   0000004E   0x2000             MOVS     R0,#+0
   \   00000050   0x.... 0x....      BL       var_select
     60                          break;
   \   00000054   0xE7D5             B.N      ??deal_key_event_0
     61          
     62                      case KEY_B:
     63                          var_ok();
   \                     ??deal_key_event_9: (+1)
   \   00000056   0x.... 0x....      BL       var_ok
     64                          break;
   \   0000005A   0xE7D2             B.N      ??deal_key_event_0
     65          
     66                      case KEY_A:
     67                          val_cancel();
   \                     ??deal_key_event_6: (+1)
   \   0000005C   0x.... 0x....      BL       val_cancel
     68                          break;
   \   00000060   0xE7CF             B.N      ??deal_key_event_0
     69          
     70                      case KEY_START:
     71                          save_var(CAR_CTRL,CAR_START);
   \                     ??deal_key_event_8: (+1)
   \   00000062   0x2103             MOVS     R1,#+3
   \   00000064   0x2000             MOVS     R0,#+0
   \   00000066   0x.... 0x....      BL       save_var
     72                          var_syn(CAR_CTRL);
   \   0000006A   0x2000             MOVS     R0,#+0
   \   0000006C   0x.... 0x....      BL       var_syn
     73                          var_display(CAR_CTRL);
   \   00000070   0x2000             MOVS     R0,#+0
   \   00000072   0x.... 0x....      BL       var_display
     74                          break;
   \   00000076   0xE7C4             B.N      ??deal_key_event_0
     75                      case KEY_STOP:
     76                          save_var(CAR_CTRL,CAR_STOP);
   \                     ??deal_key_event_10: (+1)
   \   00000078   0x2104             MOVS     R1,#+4
   \   0000007A   0x2000             MOVS     R0,#+0
   \   0000007C   0x.... 0x....      BL       save_var
     77                          var_syn(CAR_CTRL);
   \   00000080   0x2000             MOVS     R0,#+0
   \   00000082   0x.... 0x....      BL       var_syn
     78                          var_display(CAR_CTRL);
   \   00000086   0x2000             MOVS     R0,#+0
   \   00000088   0x.... 0x....      BL       var_display
     79                          break;
   \   0000008C   0xE7B9             B.N      ??deal_key_event_0
     80          
     81                      default:
     82                          break;
   \                     ??deal_key_event_11: (+1)
   \   0000008E   0xE7B8             B.N      ??deal_key_event_0
     83                      }
     84                  }
     85                  else if(keymsg.status == KEY_HOLD)
   \                     ??deal_key_event_2: (+1)
   \   00000090   0xF89D 0x0001      LDRB     R0,[SP, #+1]
   \   00000094   0x2802             CMP      R0,#+2
   \   00000096   0xD1B4             BNE.N    ??deal_key_event_0
     86                  {
     87                      switch(keymsg.key)
   \   00000098   0xF89D 0x0000      LDRB     R0,[SP, #+0]
   \   0000009C   0x2800             CMP      R0,#+0
   \   0000009E   0xD00C             BEQ.N    ??deal_key_event_12
   \   000000A0   0x2801             CMP      R0,#+1
   \   000000A2   0xD00E             BEQ.N    ??deal_key_event_13
   \   000000A4   0x2802             CMP      R0,#+2
   \   000000A6   0xD010             BEQ.N    ??deal_key_event_14
   \   000000A8   0x2803             CMP      R0,#+3
   \   000000AA   0xD012             BEQ.N    ??deal_key_event_15
   \   000000AC   0x2805             CMP      R0,#+5
   \   000000AE   0xD014             BEQ.N    ??deal_key_event_16
   \   000000B0   0x2806             CMP      R0,#+6
   \   000000B2   0xD019             BEQ.N    ??deal_key_event_17
   \   000000B4   0x2807             CMP      R0,#+7
   \   000000B6   0xD024             BEQ.N    ??deal_key_event_18
   \   000000B8   0xE02F             B.N      ??deal_key_event_19
     88                      {
     89                      case KEY_U:
     90                          var_value(VAR_ADD_HOLD);
   \                     ??deal_key_event_12: (+1)
   \   000000BA   0x2006             MOVS     R0,#+6
   \   000000BC   0x.... 0x....      BL       var_value
     91                          break;
   \   000000C0   0xE79F             B.N      ??deal_key_event_0
     92          
     93                      case KEY_D:
     94                          var_value(VAR_SUB_HOLD);
   \                     ??deal_key_event_13: (+1)
   \   000000C2   0x2007             MOVS     R0,#+7
   \   000000C4   0x.... 0x....      BL       var_value
     95                          break;
   \   000000C8   0xE79B             B.N      ??deal_key_event_0
     96          
     97                      case KEY_L:
     98                          var_select(VAR_PREV_HOLD);
   \                     ??deal_key_event_14: (+1)
   \   000000CA   0x2003             MOVS     R0,#+3
   \   000000CC   0x.... 0x....      BL       var_select
     99                          break;
   \   000000D0   0xE797             B.N      ??deal_key_event_0
    100          
    101                      case KEY_R:
    102                          var_select(VAR_NEXT_HOLD);
   \                     ??deal_key_event_15: (+1)
   \   000000D2   0x2002             MOVS     R0,#+2
   \   000000D4   0x.... 0x....      BL       var_select
    103                          break;
   \   000000D8   0xE793             B.N      ??deal_key_event_0
    104          
    105                      case KEY_B:                //长按 OK 键 同步全部数据并显示
    106                          var_syn(VAR_MAX);       //同步全部 ,必须先同步再显示全部，因为有可能同步失败。
   \                     ??deal_key_event_16: (+1)
   \   000000DA   0x2007             MOVS     R0,#+7
   \   000000DC   0x.... 0x....      BL       var_syn
    107                          var_display(VAR_MAX);   //显示全部
   \   000000E0   0x2007             MOVS     R0,#+7
   \   000000E2   0x.... 0x....      BL       var_display
    108                          break;
   \   000000E6   0xE78C             B.N      ??deal_key_event_0
    109          
    110                      case KEY_START:
    111                          save_var(CAR_CTRL,CAR_START);
   \                     ??deal_key_event_17: (+1)
   \   000000E8   0x2103             MOVS     R1,#+3
   \   000000EA   0x2000             MOVS     R0,#+0
   \   000000EC   0x.... 0x....      BL       save_var
    112                          while(var_syn(CAR_CTRL)==0);
   \                     ??deal_key_event_20: (+1)
   \   000000F0   0x2000             MOVS     R0,#+0
   \   000000F2   0x.... 0x....      BL       var_syn
   \   000000F6   0x2800             CMP      R0,#+0
   \   000000F8   0xD0FA             BEQ.N    ??deal_key_event_20
    113                          var_display(CAR_CTRL);
   \   000000FA   0x2000             MOVS     R0,#+0
   \   000000FC   0x.... 0x....      BL       var_display
    114                          break;
   \   00000100   0xE77F             B.N      ??deal_key_event_0
    115          
    116                      case KEY_STOP:
    117                          save_var(CAR_CTRL,CAR_STOP);
   \                     ??deal_key_event_18: (+1)
   \   00000102   0x2104             MOVS     R1,#+4
   \   00000104   0x2000             MOVS     R0,#+0
   \   00000106   0x.... 0x....      BL       save_var
    118                          while(var_syn(CAR_CTRL)==0);
   \                     ??deal_key_event_21: (+1)
   \   0000010A   0x2000             MOVS     R0,#+0
   \   0000010C   0x.... 0x....      BL       var_syn
   \   00000110   0x2800             CMP      R0,#+0
   \   00000112   0xD0FA             BEQ.N    ??deal_key_event_21
    119                          var_display(CAR_CTRL);
   \   00000114   0x2000             MOVS     R0,#+0
   \   00000116   0x.... 0x....      BL       var_display
    120          
    121                      default:            //不需要处理 cancel
    122                          break;
   \                     ??deal_key_event_19: (+1)
   \   0000011A   0xE772             B.N      ??deal_key_event_0
    123                      }
    124                  }
    125                  else
    126                  {
    127                      //KEY_UP ,不进行处理
    128                  }
    129              }
    130          }
   \                     ??deal_key_event_1: (+1)
   \   0000011C   0xBD01             POP      {R0,PC}          ;; return
    131          
    132          
    133          
    134          
    135          

   Maximum stack usage in bytes:

   .cstack Function
   ------- --------
       8   deal_key_event
         8   -> get_key_msg
         8   -> save_var
         8   -> val_cancel
         8   -> var_display
         8   -> var_ok
         8   -> var_select
         8   -> var_syn
         8   -> var_value
       8   key_event_init
         8   -> key_init
         8   -> var_display
         8   -> var_init
         8   -> var_syn


   Section sizes:

   Bytes  Function/Label
   -----  --------------
     286  deal_key_event
      26  key_event_init

 
 312 bytes in section .text
 
 312 bytes of CODE memory

Errors: none
Warnings: none
